// Jest Snapshot v1, https://goo.gl/fbAQLP

exports[`<App/> basic render 1`] = `
ShallowWrapper {
  "length": 1,
  Symbol(enzyme.__root__): [Circular],
  Symbol(enzyme.__unrendered__): <App />,
  Symbol(enzyme.__renderer__): Object {
    "batchedUpdates": [Function],
    "getNode": [Function],
    "render": [Function],
    "simulateEvent": [Function],
    "unmount": [Function],
  },
  Symbol(enzyme.__node__): Object {
    "instance": null,
    "key": null,
    "nodeType": "host",
    "props": Object {
      "children": Array [
        undefined,
        <button
          className={undefined}
          onClick={undefined}
        >
          FETCH USERS
        </button>,
        undefined,
      ],
    },
    "ref": null,
    "rendered": Array [
      undefined,
      Object {
        "instance": null,
        "key": null,
        "nodeType": "host",
        "props": Object {
          "children": "FETCH USERS",
          "className": undefined,
          "onClick": undefined,
        },
        "ref": null,
        "rendered": "FETCH USERS",
        "type": "button",
      },
      undefined,
    ],
    "type": "div",
  },
  Symbol(enzyme.__nodes__): Array [
    Object {
      "instance": null,
      "key": null,
      "nodeType": "host",
      "props": Object {
        "children": Array [
          undefined,
          <button
            className={undefined}
            onClick={undefined}
          >
            FETCH USERS
          </button>,
          undefined,
        ],
      },
      "ref": null,
      "rendered": Array [
        undefined,
        Object {
          "instance": null,
          "key": null,
          "nodeType": "host",
          "props": Object {
            "children": "FETCH USERS",
            "className": undefined,
            "onClick": undefined,
          },
          "ref": null,
          "rendered": "FETCH USERS",
          "type": "button",
        },
        undefined,
      ],
      "type": "div",
    },
  ],
  Symbol(enzyme.__options__): Object {
    "adapter": ReactSixteenAdapter {
      "options": Object {
        "enableComponentDidUpdateOnSetState": true,
      },
    },
  },
}
`;
